// Jest Snapshot v1, https://goo.gl/fbAQLP

exports[`renders homepage unchanged 1`] = `
<div>
  <header
    role="heading"
  >
    next app
  </header>
</div>
`;
